// Jest Snapshot v1, https://goo.gl/fbAQLP

exports[`Article List renders without crashing 1`] = `ReactWrapper {}`;
