// Jest Snapshot v1, https://goo.gl/fbAQLP

exports[`Search Form renders without crashing 1`] = `ReactWrapper {}`;
